ERROR - 2026-05-08 12:23:13 --> Table 'migrations' already exists
in SYSTEMPATH\Database\MySQLi\Connection.php on line 300.
 1 SYSTEMPATH\Database\MySQLi\Connection.php(300): mysqli->query('CREATE TABLE `migrations` (
	`id` BIGINT(20) UNSIGNED NOT NULL AUTO_INCREMENT,
	`version` VARCHAR(255) NOT NULL,
	`class` VARCHAR(255) NOT NULL,
	`group` VARCHAR(255) NOT NULL,
	`namespace` VARCHAR(255) NOT NULL,
	`time` INT(11) NOT NULL,
	`batch` INT(11) UNSIGNED NOT NULL,
	CONSTRAINT `pk_migrations` PRIMARY KEY(`id`)
) DEFAULT CHARACTER SET = utf8mb4 COLLATE = utf8mb4_general_ci', 0)
 2 SYSTEMPATH\Database\BaseConnection.php(910): CodeIgniter\Database\MySQLi\Connection->execute('CREATE TABLE `migrations` (
	`id` BIGINT(20) UNSIGNED NOT NULL AUTO_INCREMENT,
	`version` VARCHAR(255) NOT NULL,
	`class` VARCHAR(255) NOT NULL,
	`group` VARCHAR(255) NOT NULL,
	`namespace` VARCHAR(255) NOT NULL,
	`time` INT(11) NOT NULL,
	`batch` INT(11) UNSIGNED NOT NULL,
	CONSTRAINT `pk_migrations` PRIMARY KEY(`id`)
) DEFAULT CHARACTER SET = utf8mb4 COLLATE = utf8mb4_general_ci')
 3 SYSTEMPATH\Database\BaseConnection.php(827): CodeIgniter\Database\BaseConnection->simpleQuery('CREATE TABLE `migrations` (
	`id` BIGINT(20) UNSIGNED NOT NULL AUTO_INCREMENT,
	`version` VARCHAR(255) NOT NULL,
	`class` VARCHAR(255) NOT NULL,
	`group` VARCHAR(255) NOT NULL,
	`namespace` VARCHAR(255) NOT NULL,
	`time` INT(11) NOT NULL,
	`batch` INT(11) UNSIGNED NOT NULL,
	CONSTRAINT `pk_migrations` PRIMARY KEY(`id`)
) DEFAULT CHARACTER SET = utf8mb4 COLLATE = utf8mb4_general_ci')
 4 SYSTEMPATH\Database\Forge.php(570): CodeIgniter\Database\BaseConnection->query('CREATE TABLE `migrations` (
	`id` BIGINT(20) UNSIGNED NOT NULL AUTO_INCREMENT,
	`version` VARCHAR(255) NOT NULL,
	`class` VARCHAR(255) NOT NULL,
	`group` VARCHAR(255) NOT NULL,
	`namespace` VARCHAR(255) NOT NULL,
	`time` INT(11) NOT NULL,
	`batch` INT(11) UNSIGNED NOT NULL,
	CONSTRAINT `pk_migrations` PRIMARY KEY(`id`)
) DEFAULT CHARACTER SET = utf8mb4 COLLATE = utf8mb4_general_ci')
 5 SYSTEMPATH\Database\MigrationRunner.php(868): CodeIgniter\Database\Forge->createTable('migrations', true)
 6 SYSTEMPATH\Database\MigrationRunner.php(699): CodeIgniter\Database\MigrationRunner->ensureTable()
 7 SYSTEMPATH\Commands\Database\MigrateStatus.php(115): CodeIgniter\Database\MigrationRunner->getHistory('')
 8 SYSTEMPATH\CLI\Commands.php(74): CodeIgniter\Commands\Database\MigrateStatus->run([])
 9 SYSTEMPATH\CLI\Console.php(47): CodeIgniter\CLI\Commands->run('migrate:status', [])
10 SYSTEMPATH\Boot.php(442): CodeIgniter\CLI\Console->run()
11 SYSTEMPATH\Boot.php(166): CodeIgniter\Boot::runCommand(Object(CodeIgniter\CLI\Console))
12 ROOTPATH\spark(87): CodeIgniter\Boot::bootSpark(Object(Config\Paths))
CRITICAL - 2026-05-08 12:23:13 --> CodeIgniter\Database\Exceptions\DatabaseException: Table 'migrations' already exists
[Method: CLI, Route: migrate:status]
in SYSTEMPATH\Database\BaseConnection.php on line 865.
 1 SYSTEMPATH\Database\Forge.php(570): CodeIgniter\Database\BaseConnection->query('CREATE TABLE `migrations` (
	`id` BIGINT(20) UNSIGNED NOT NULL AUTO_INCREMENT,
	`version` VARCHAR(255) NOT NULL,
	`class` VARCHAR(255) NOT NULL,
	`group` VARCHAR(255) NOT NULL,
	`namespace` VARCHAR(255) NOT NULL,
	`time` INT(11) NOT NULL,
	`batch` INT(11) UNSIGNED NOT NULL,
	CONSTRAINT `pk_migrations` PRIMARY KEY(`id`)
) DEFAULT CHARACTER SET = utf8mb4 COLLATE = utf8mb4_general_ci')
 2 SYSTEMPATH\Database\MigrationRunner.php(868): CodeIgniter\Database\Forge->createTable('migrations', true)
 3 SYSTEMPATH\Database\MigrationRunner.php(699): CodeIgniter\Database\MigrationRunner->ensureTable()
 4 SYSTEMPATH\Commands\Database\MigrateStatus.php(115): CodeIgniter\Database\MigrationRunner->getHistory('')
 5 SYSTEMPATH\CLI\Commands.php(74): CodeIgniter\Commands\Database\MigrateStatus->run([])
 6 SYSTEMPATH\CLI\Console.php(47): CodeIgniter\CLI\Commands->run('migrate:status', [])
 7 SYSTEMPATH\Boot.php(442): CodeIgniter\CLI\Console->run()
 8 SYSTEMPATH\Boot.php(166): CodeIgniter\Boot::runCommand(Object(CodeIgniter\CLI\Console))
 9 ROOTPATH\spark(87): CodeIgniter\Boot::bootSpark(Object(Config\Paths))
CRITICAL - 2026-05-08 12:23:13 --> [Caused by] CodeIgniter\Database\Exceptions\DatabaseException: Table 'migrations' already exists
in SYSTEMPATH\Database\MySQLi\Connection.php on line 310.
 1 SYSTEMPATH\Database\BaseConnection.php(910): CodeIgniter\Database\MySQLi\Connection->execute('CREATE TABLE `migrations` (
	`id` BIGINT(20) UNSIGNED NOT NULL AUTO_INCREMENT,
	`version` VARCHAR(255) NOT NULL,
	`class` VARCHAR(255) NOT NULL,
	`group` VARCHAR(255) NOT NULL,
	`namespace` VARCHAR(255) NOT NULL,
	`time` INT(11) NOT NULL,
	`batch` INT(11) UNSIGNED NOT NULL,
	CONSTRAINT `pk_migrations` PRIMARY KEY(`id`)
) DEFAULT CHARACTER SET = utf8mb4 COLLATE = utf8mb4_general_ci')
 2 SYSTEMPATH\Database\BaseConnection.php(827): CodeIgniter\Database\BaseConnection->simpleQuery('CREATE TABLE `migrations` (
	`id` BIGINT(20) UNSIGNED NOT NULL AUTO_INCREMENT,
	`version` VARCHAR(255) NOT NULL,
	`class` VARCHAR(255) NOT NULL,
	`group` VARCHAR(255) NOT NULL,
	`namespace` VARCHAR(255) NOT NULL,
	`time` INT(11) NOT NULL,
	`batch` INT(11) UNSIGNED NOT NULL,
	CONSTRAINT `pk_migrations` PRIMARY KEY(`id`)
) DEFAULT CHARACTER SET = utf8mb4 COLLATE = utf8mb4_general_ci')
 3 SYSTEMPATH\Database\Forge.php(570): CodeIgniter\Database\BaseConnection->query('CREATE TABLE `migrations` (
	`id` BIGINT(20) UNSIGNED NOT NULL AUTO_INCREMENT,
	`version` VARCHAR(255) NOT NULL,
	`class` VARCHAR(255) NOT NULL,
	`group` VARCHAR(255) NOT NULL,
	`namespace` VARCHAR(255) NOT NULL,
	`time` INT(11) NOT NULL,
	`batch` INT(11) UNSIGNED NOT NULL,
	CONSTRAINT `pk_migrations` PRIMARY KEY(`id`)
) DEFAULT CHARACTER SET = utf8mb4 COLLATE = utf8mb4_general_ci')
 4 SYSTEMPATH\Database\MigrationRunner.php(868): CodeIgniter\Database\Forge->createTable('migrations', true)
 5 SYSTEMPATH\Database\MigrationRunner.php(699): CodeIgniter\Database\MigrationRunner->ensureTable()
 6 SYSTEMPATH\Commands\Database\MigrateStatus.php(115): CodeIgniter\Database\MigrationRunner->getHistory('')
 7 SYSTEMPATH\CLI\Commands.php(74): CodeIgniter\Commands\Database\MigrateStatus->run([])
 8 SYSTEMPATH\CLI\Console.php(47): CodeIgniter\CLI\Commands->run('migrate:status', [])
 9 SYSTEMPATH\Boot.php(442): CodeIgniter\CLI\Console->run()
10 SYSTEMPATH\Boot.php(166): CodeIgniter\Boot::runCommand(Object(CodeIgniter\CLI\Console))
11 ROOTPATH\spark(87): CodeIgniter\Boot::bootSpark(Object(Config\Paths))
CRITICAL - 2026-05-08 12:23:13 --> [Caused by] mysqli_sql_exception: Table 'migrations' already exists
in SYSTEMPATH\Database\MySQLi\Connection.php on line 300.
 1 SYSTEMPATH\Database\MySQLi\Connection.php(300): mysqli->query('CREATE TABLE `migrations` (
	`id` BIGINT(20) UNSIGNED NOT NULL AUTO_INCREMENT,
	`version` VARCHAR(255) NOT NULL,
	`class` VARCHAR(255) NOT NULL,
	`group` VARCHAR(255) NOT NULL,
	`namespace` VARCHAR(255) NOT NULL,
	`time` INT(11) NOT NULL,
	`batch` INT(11) UNSIGNED NOT NULL,
	CONSTRAINT `pk_migrations` PRIMARY KEY(`id`)
) DEFAULT CHARACTER SET = utf8mb4 COLLATE = utf8mb4_general_ci', 0)
 2 SYSTEMPATH\Database\BaseConnection.php(910): CodeIgniter\Database\MySQLi\Connection->execute('CREATE TABLE `migrations` (
	`id` BIGINT(20) UNSIGNED NOT NULL AUTO_INCREMENT,
	`version` VARCHAR(255) NOT NULL,
	`class` VARCHAR(255) NOT NULL,
	`group` VARCHAR(255) NOT NULL,
	`namespace` VARCHAR(255) NOT NULL,
	`time` INT(11) NOT NULL,
	`batch` INT(11) UNSIGNED NOT NULL,
	CONSTRAINT `pk_migrations` PRIMARY KEY(`id`)
) DEFAULT CHARACTER SET = utf8mb4 COLLATE = utf8mb4_general_ci')
 3 SYSTEMPATH\Database\BaseConnection.php(827): CodeIgniter\Database\BaseConnection->simpleQuery('CREATE TABLE `migrations` (
	`id` BIGINT(20) UNSIGNED NOT NULL AUTO_INCREMENT,
	`version` VARCHAR(255) NOT NULL,
	`class` VARCHAR(255) NOT NULL,
	`group` VARCHAR(255) NOT NULL,
	`namespace` VARCHAR(255) NOT NULL,
	`time` INT(11) NOT NULL,
	`batch` INT(11) UNSIGNED NOT NULL,
	CONSTRAINT `pk_migrations` PRIMARY KEY(`id`)
) DEFAULT CHARACTER SET = utf8mb4 COLLATE = utf8mb4_general_ci')
 4 SYSTEMPATH\Database\Forge.php(570): CodeIgniter\Database\BaseConnection->query('CREATE TABLE `migrations` (
	`id` BIGINT(20) UNSIGNED NOT NULL AUTO_INCREMENT,
	`version` VARCHAR(255) NOT NULL,
	`class` VARCHAR(255) NOT NULL,
	`group` VARCHAR(255) NOT NULL,
	`namespace` VARCHAR(255) NOT NULL,
	`time` INT(11) NOT NULL,
	`batch` INT(11) UNSIGNED NOT NULL,
	CONSTRAINT `pk_migrations` PRIMARY KEY(`id`)
) DEFAULT CHARACTER SET = utf8mb4 COLLATE = utf8mb4_general_ci')
 5 SYSTEMPATH\Database\MigrationRunner.php(868): CodeIgniter\Database\Forge->createTable('migrations', true)
 6 SYSTEMPATH\Database\MigrationRunner.php(699): CodeIgniter\Database\MigrationRunner->ensureTable()
 7 SYSTEMPATH\Commands\Database\MigrateStatus.php(115): CodeIgniter\Database\MigrationRunner->getHistory('')
 8 SYSTEMPATH\CLI\Commands.php(74): CodeIgniter\Commands\Database\MigrateStatus->run([])
 9 SYSTEMPATH\CLI\Console.php(47): CodeIgniter\CLI\Commands->run('migrate:status', [])
10 SYSTEMPATH\Boot.php(442): CodeIgniter\CLI\Console->run()
11 SYSTEMPATH\Boot.php(166): CodeIgniter\Boot::runCommand(Object(CodeIgniter\CLI\Console))
12 ROOTPATH\spark(87): CodeIgniter\Boot::bootSpark(Object(Config\Paths))
CRITICAL - 2026-05-08 13:17:31 --> ErrorException: Type of App\Controllers\BaseController::$helpers must not be defined (as in class CodeIgniter\Controller)
[Method: GET, Route: donasi]
in APPPATH\Controllers\BaseController.php on line 21.
 1 [internal function]: CodeIgniter\Debug\Exceptions->shutdownHandler()
CRITICAL - 2026-05-08 13:17:46 --> ErrorException: Type of App\Controllers\BaseController::$helpers must not be defined (as in class CodeIgniter\Controller)
[Method: GET, Route: donasi]
in APPPATH\Controllers\BaseController.php on line 21.
 1 [internal function]: CodeIgniter\Debug\Exceptions->shutdownHandler()
CRITICAL - 2026-05-08 13:17:48 --> ErrorException: Type of App\Controllers\BaseController::$helpers must not be defined (as in class CodeIgniter\Controller)
[Method: GET, Route: /]
in APPPATH\Controllers\BaseController.php on line 21.
 1 [internal function]: CodeIgniter\Debug\Exceptions->shutdownHandler()
CRITICAL - 2026-05-08 13:17:49 --> ErrorException: Type of App\Controllers\BaseController::$helpers must not be defined (as in class CodeIgniter\Controller)
[Method: GET, Route: gallery]
in APPPATH\Controllers\BaseController.php on line 21.
 1 [internal function]: CodeIgniter\Debug\Exceptions->shutdownHandler()
CRITICAL - 2026-05-08 13:17:50 --> ErrorException: Type of App\Controllers\BaseController::$helpers must not be defined (as in class CodeIgniter\Controller)
[Method: GET, Route: program]
in APPPATH\Controllers\BaseController.php on line 21.
 1 [internal function]: CodeIgniter\Debug\Exceptions->shutdownHandler()
CRITICAL - 2026-05-08 13:22:12 --> ErrorException: Type of App\Controllers\BaseController::$helpers must not be defined (as in class CodeIgniter\Controller)
[Method: GET, Route: program]
in APPPATH\Controllers\BaseController.php on line 21.
 1 [internal function]: CodeIgniter\Debug\Exceptions->shutdownHandler()
CRITICAL - 2026-05-08 13:22:55 --> ErrorException: Type of App\Controllers\BaseController::$helpers must not be defined (as in class CodeIgniter\Controller)
[Method: GET, Route: program]
in APPPATH\Controllers\BaseController.php on line 21.
 1 [internal function]: CodeIgniter\Debug\Exceptions->shutdownHandler()
CRITICAL - 2026-05-08 13:23:35 --> ErrorException: Type of App\Controllers\BaseController::$helpers must not be defined (as in class CodeIgniter\Controller)
[Method: GET, Route: program]
in APPPATH\Controllers\BaseController.php on line 21.
 1 [internal function]: CodeIgniter\Debug\Exceptions->shutdownHandler()
CRITICAL - 2026-05-08 13:23:35 --> ErrorException: Type of App\Controllers\BaseController::$helpers must not be defined (as in class CodeIgniter\Controller)
[Method: GET, Route: program]
in APPPATH\Controllers\BaseController.php on line 21.
 1 [internal function]: CodeIgniter\Debug\Exceptions->shutdownHandler()
CRITICAL - 2026-05-08 13:23:36 --> ErrorException: Type of App\Controllers\BaseController::$helpers must not be defined (as in class CodeIgniter\Controller)
[Method: GET, Route: program]
in APPPATH\Controllers\BaseController.php on line 21.
 1 [internal function]: CodeIgniter\Debug\Exceptions->shutdownHandler()
CRITICAL - 2026-05-08 13:23:36 --> ErrorException: Type of App\Controllers\BaseController::$helpers must not be defined (as in class CodeIgniter\Controller)
[Method: GET, Route: program]
in APPPATH\Controllers\BaseController.php on line 21.
 1 [internal function]: CodeIgniter\Debug\Exceptions->shutdownHandler()
CRITICAL - 2026-05-08 13:23:59 --> ErrorException: Type of App\Controllers\BaseController::$helpers must not be defined (as in class CodeIgniter\Controller)
[Method: GET, Route: program]
in APPPATH\Controllers\BaseController.php on line 21.
 1 [internal function]: CodeIgniter\Debug\Exceptions->shutdownHandler()
CRITICAL - 2026-05-08 13:24:16 --> ErrorException: Type of App\Controllers\BaseController::$helpers must not be defined (as in class CodeIgniter\Controller)
[Method: CLI, Route: routes]
in APPPATH\Controllers\BaseController.php on line 21.
 1 [internal function]: CodeIgniter\Debug\Exceptions->shutdownHandler()
CRITICAL - 2026-05-08 13:24:48 --> Error: Call to undefined function App\Filters\is_logged_in()
[Method: GET, Route: dashboard]
in APPPATH\Filters\AuthFilter.php on line 13.
 1 SYSTEMPATH\Filters\Filters.php(241): App\Filters\AuthFilter->before(Object(CodeIgniter\HTTP\IncomingRequest), null)
 2 SYSTEMPATH\Filters\Filters.php(221): CodeIgniter\Filters\Filters->runBefore([...])
 3 SYSTEMPATH\CodeIgniter.php(465): CodeIgniter\Filters\Filters->run('dashboard', 'before')
 4 SYSTEMPATH\CodeIgniter.php(340): CodeIgniter\CodeIgniter->handleRequest(null, Object(Config\Cache), false)
 5 SYSTEMPATH\Boot.php(417): CodeIgniter\CodeIgniter->run()
 6 SYSTEMPATH\Boot.php(68): CodeIgniter\Boot::runCodeIgniter(Object(CodeIgniter\CodeIgniter))
 7 FCPATH\index.php(59): CodeIgniter\Boot::bootWeb(Object(Config\Paths))
 8 SYSTEMPATH\rewrite.php(44): require_once('D:\\DevelopWeb\\yayasan-main\\yayasan-main\\public\\index.php')
CRITICAL - 2026-05-08 13:24:58 --> Error: Call to undefined function App\Filters\is_logged_in()
[Method: GET, Route: dashboard]
in APPPATH\Filters\AuthFilter.php on line 13.
 1 SYSTEMPATH\Filters\Filters.php(241): App\Filters\AuthFilter->before(Object(CodeIgniter\HTTP\IncomingRequest), null)
 2 SYSTEMPATH\Filters\Filters.php(221): CodeIgniter\Filters\Filters->runBefore([...])
 3 SYSTEMPATH\CodeIgniter.php(465): CodeIgniter\Filters\Filters->run('dashboard', 'before')
 4 SYSTEMPATH\CodeIgniter.php(340): CodeIgniter\CodeIgniter->handleRequest(null, Object(Config\Cache), false)
 5 SYSTEMPATH\Boot.php(417): CodeIgniter\CodeIgniter->run()
 6 SYSTEMPATH\Boot.php(68): CodeIgniter\Boot::runCodeIgniter(Object(CodeIgniter\CodeIgniter))
 7 FCPATH\index.php(59): CodeIgniter\Boot::bootWeb(Object(Config\Paths))
 8 SYSTEMPATH\rewrite.php(44): require_once('D:\\DevelopWeb\\yayasan-main\\yayasan-main\\public\\index.php')
